../Drivers/CMSIS/Include/core_cm4.h:1684:22:__NVIC_EnableIRQ	16	static,ignoring_inline_asm
../Core/Src/main.c:11:6:GPIO_Init	4	static
../Core/Src/main.c:29:6:USART1_Init	8	static
../Core/Src/main.c:44:6:ADC1_Init	4	static
../Core/Src/main.c:54:6:Timer2_Init	8	static
../Core/Src/main.c:65:6:USART_SendChar	16	static
../Core/Src/main.c:72:6:USART_SendString	16	static
../Core/Src/main.c:83:51:flash_erase_sector	32	static
../Core/Src/main.c:117:51:flash_program	32	static
../Core/Src/main.c:147:6:uart_send	24	static
../Core/Src/main.c:162:6:DMA_Init	32	static
../Core/Src/main.c:195:6:DMA2_Stream2_IRQHandler	16	static,ignoring_inline_asm
../Core/Src/main.c:205:6:my_printf	152	static
../Core/Src/main.c:222:51:update	16	static,ignoring_inline_asm
../Core/Src/main.c:243:7:Read_temperature	24	static
../Core/Src/main.c:258:6:Led_on_off	16	static
../Core/Src/main.c:267:6:USART1_IRQHandler	8	static
../Core/Src/main.c:286:6:TIM2_IRQHandler	16	static
../Core/Src/main.c:299:5:main	8	static
